###############################################################################
#
# IAR ELF Linker V9.10.1.308/W64 for ARM                  25/Feb/2021  18:13:41
# Copyright 2007-2021 IAR Systems AB.
#
#    Output file  =
#        C:\Users\T-Gamer\Desktop\Universidade\Embarcados\github\EK-TM4C1294_IAR8\Projects\extensao\Debug\Exe\extensao.out
#    Map file     =
#        C:\Users\T-Gamer\Desktop\Universidade\Embarcados\github\EK-TM4C1294_IAR8\Projects\extensao\Debug\List\extensao.map
#    Command line =
#        -f
#        C:\Users\T-Gamer\Desktop\Universidade\Embarcados\github\EK-TM4C1294_IAR8\Projects\extensao\Debug\Exe\extensao.out.rsp
#        (C:\Users\T-Gamer\Desktop\Universidade\Embarcados\github\EK-TM4C1294_IAR8\TivaWare_C_Series-2.1.4.178\driverlib\ewarm\Exe\driverlib.a
#        C:\Users\T-Gamer\Desktop\Universidade\Embarcados\github\EK-TM4C1294_IAR8\Projects\extensao\Debug\Obj\main.o
#        C:\Users\T-Gamer\Desktop\Universidade\Embarcados\github\EK-TM4C1294_IAR8\Projects\extensao\Debug\Obj\startup_TM4C1294.o
#        C:\Users\T-Gamer\Desktop\Universidade\Embarcados\github\EK-TM4C1294_IAR8\Projects\extensao\Debug\Obj\system_TM4C1294_TW.o
#        --no_out_extension -o
#        C:\Users\T-Gamer\Desktop\Universidade\Embarcados\github\EK-TM4C1294_IAR8\Projects\extensao\Debug\Exe\extensao.out
#        --map
#        C:\Users\T-Gamer\Desktop\Universidade\Embarcados\github\EK-TM4C1294_IAR8\Projects\extensao\Debug\List\extensao.map
#        --config "C:\Program Files\IAR Systems\Embedded Workbench
#        9.0\arm\config\linker\TexasInstruments\TM4C1294NC.icf" --semihosting
#        --entry __iar_program_start --vfe --text_out locale)
#
###############################################################################

*******************************************************************************
*** MESSAGES
***

Warning[Lt009]: Inconsistent wchar_t size
            gpio.o(driverlib.a) and 4 other objects in driverlib.a have wchar_t
                      size 16 bits
            main.o and 14 other objects, some of them in dl7M_tln.a and 11
                      other libraries have wchar_t size 32 bits


*******************************************************************************
*** RUNTIME MODEL ATTRIBUTES
***

CppFlavor       = *
__SystemLibrary = DLib
__dlib_version  = 6


*******************************************************************************
*** HEAP SELECTION
***

The basic heap was selected because some modules are built with
size limitations (and not runtime checking), and --advanced_heap
was not specified.


*******************************************************************************
*** PLACEMENT SUMMARY
***

"A0":  place at address 0x0 { ro section .intvec };
"P1":  place in [from 0x0 to 0xf'ffff] { ro };
define block CSTACK with size = 32K, alignment = 8 { };
define block HEAP with size = 64K, alignment = 8 { };
"P2":  place in [from 0x2000'0000 to 0x2003'ffff] {
          rw, block CSTACK, block HEAP };

  Section   Kind         Address    Size  Object
  -------   ----         -------    ----  ------
"A0":                              0x3c0
  .intvec   ro code          0x0   0x3c0  startup_TM4C1294.o [1]
                         - 0x3c0   0x3c0

"P1":                              0x7d4
  .text     ro code        0x3c0   0x4e8  sysctl.o [3]
  .text     ro code        0x8a8   0x168  gpio.o [3]
  .text     ro code        0xa10    0xc0  main.o [1]
  .text     ro code        0xad0    0x1c  systick.o [3]
  .text     ro code        0xaec    0x30  system_TM4C1294_TW.o [1]
  .text     ro code        0xb1c    0x1e  cmain.o [4]
  .text     ro code        0xb3a     0x4  low_level_init.o [2]
  .text     ro code        0xb3e     0x4  exit.o [2]
  .text     ro code        0xb42     0x2  startup_TM4C1294.o [1]
  .text     ro code        0xb44     0xa  cexit.o [4]
  .text     ro code        0xb50    0x14  exit.o [5]
  .text     ro code        0xb64    0x1c  cstartup_M.o [4]
  .text     ro code        0xb80    0x14  startup_TM4C1294.o [1]
                         - 0xb94   0x7d4

"P2":                             0x8008
  .noinit   uninit   0x2000'0000     0x4  system_TM4C1294_TW.o [1]
  CSTACK             0x2000'0008  0x8000  <Block>
    CSTACK  uninit   0x2000'0008  0x8000  <Block tail>
                   - 0x2000'8008  0x8008

Unused ranges:

         From           To      Size
         ----           --      ----
        0xb94     0xf'ffff  0xf'f46c
  0x2000'8008  0x2003'ffff  0x3'7ff8



*******************************************************************************
*** MODULE SUMMARY
***

    Module                ro code  rw data
    ------                -------  -------
command line/config:
    --------------------------------------
    Total:

C:\Users\T-Gamer\Desktop\Universidade\Embarcados\github\EK-TM4C1294_IAR8\Projects\extensao\Debug\Obj: [1]
    main.o                    192
    startup_TM4C1294.o        982
    system_TM4C1294_TW.o       48        4
    --------------------------------------
    Total:                  1'222        4

dl7M_tln.a: [2]
    exit.o                      4
    low_level_init.o            4
    --------------------------------------
    Total:                      8

driverlib.a: [3]
    gpio.o                    360
    sysctl.o                1'256
    systick.o                  28
    --------------------------------------
    Total:                  1'644

rt7M_tl.a: [4]
    cexit.o                    10
    cmain.o                    30
    cstartup_M.o               28
    --------------------------------------
    Total:                     68

shb_l.a: [5]
    exit.o                     20
    --------------------------------------
    Total:                     20

    Gaps                        2
    Linker created                  32'768
------------------------------------------
    Grand Total:            2'964   32'772


*******************************************************************************
*** ENTRY LIST
***

Entry                       Address   Size  Type      Object
-----                       -------   ----  ----      ------
?main                         0xb1d         Code  Gb  cmain.o [4]
CSTACK$$Base            0x2000'0008          --   Gb  - Linker created -
CSTACK$$Limit           0x2000'8008          --   Gb  - Linker created -
GPIODirModeSet                0x8a9   0x28  Code  Gb  gpio.o [3]
GPIOPadConfigSet              0x8d1   0xfe  Code  Gb  gpio.o [3]
GPIOPinTypeGPIOInput          0x9d9   0x14  Code  Gb  gpio.o [3]
GPIOPinTypeGPIOOutput         0x9ed    0xa  Code  Gb  gpio.o [3]
GPIOPinWrite                  0x9cf    0x6  Code  Gb  gpio.o [3]
Region$$Table$$Base             0x0          --   Gb  - Linker created -
Region$$Table$$Limit            0x0          --   Gb  - Linker created -
SysCtlClockFreqSet            0x425  0x204  Code  Gb  sysctl.o [3]
SysCtlDelay                   0x41d    0x8  Code  Gb  sysctl.o [3]
SysCtlPeripheralEnable        0x401    0x8  Code  Gb  sysctl.o [3]
SysCtlPeripheralReady         0x3e1    0x8  Code  Gb  sysctl.o [3]
SysTickEnable                 0xad1    0xc  Code  Gb  systick.o [3]
SysTickIntEnable              0xadd    0xc  Code  Gb  systick.o [3]
SystemCoreClock         0x2000'0000    0x4  Data  Gb  system_TM4C1294_TW.o [1]
SystemInit                    0xaed   0x1c  Code  Gb  system_TM4C1294_TW.o [1]
_SysCtlMemTimingGet           0x3c1   0x20  Code  Lc  sysctl.o [3]
__Vectors                       0x0          --   Gb  startup_TM4C1294.o [1]
__Vectors_End                 0x3c0         Data  Gb  startup_TM4C1294.o [1]
__Vectors_Size {Abs}          0x3c0          --   Gb  startup_TM4C1294.o [1]
__cmain                       0xb1d         Code  Gb  cmain.o [4]
__exit                        0xb51   0x14  Code  Gb  exit.o [5]
__iar_init_vfp                0xb89         Code  Wk  startup_TM4C1294.o [1]
__iar_program_start           0xb65         Code  Gb  cstartup_M.o [4]
__low_level_init              0xb3b    0x4  Code  Gb  low_level_init.o [2]
__vector_table                  0x0         Data  Gb  startup_TM4C1294.o [1]
__vector_table_0x1c            0x1c         Data  Gb  startup_TM4C1294.o [1]
_call_main                    0xb29         Code  Gb  cmain.o [4]
_exit                         0xb45         Code  Gb  cexit.o [4]
exit                          0xb3f    0x4  Code  Gb  exit.o [2]
g_pppui32XTALtoVCO            0x6c0  0x1b0  Data  Lc  sysctl.o [3]
g_pui32VCOFrequencies         0x8a0    0x8  Data  Lc  sysctl.o [3]
g_pui32Xtals                  0x654   0x6c  Data  Lc  sysctl.o [3]
g_sXTALtoMEMTIM               0x870   0x30  Data  Lc  sysctl.o [3]
main                          0xa11   0xc0  Code  Gb  main.o [1]


[1] = C:\Users\T-Gamer\Desktop\Universidade\Embarcados\github\EK-TM4C1294_IAR8\Projects\extensao\Debug\Obj
[2] = dl7M_tln.a
[3] = driverlib.a
[4] = rt7M_tl.a
[5] = shb_l.a

   2'964 bytes of readonly  code memory
  32'772 bytes of readwrite data memory

Errors: none
Warnings: 1
